Using pre-set license
Built from '2022.3/staging' branch; Version is '2022.3.3f1 (7cdc2969a641) revision 8182825'; Using compiler version '192829333'; Build Type 'Release'
OS: 'Windows 11  (10.0.26100) 64bit Professional' Language: 'ko' Physical Memory: 16197 MB
BatchMode: 1, IsHumanControllingUs: 0, StartBugReporterOnCrash: 0, Is64bit: 1, IsPro: 1

COMMAND LINE ARGUMENTS:
C:\Program Files\Unity\Hub\Editor\2022.3.3f1\Editor\Unity.exe
-adb2
-batchMode
-noUpm
-name
AssetImportWorker2
-projectPath
C:/Users/moca/Desktop/Bartender
-logFile
Logs/AssetImportWorker2.log
-srvPort
64919
Successfully changed project path to: C:/Users/moca/Desktop/Bartender
C:/Users/moca/Desktop/Bartender
[UnityMemory] Configuration Parameters - Can be set up in boot.config
    "memorysetup-bucket-allocator-granularity=16"
    "memorysetup-bucket-allocator-bucket-count=8"
    "memorysetup-bucket-allocator-block-size=33554432"
    "memorysetup-bucket-allocator-block-count=8"
    "memorysetup-main-allocator-block-size=16777216"
    "memorysetup-thread-allocator-block-size=16777216"
    "memorysetup-gfx-main-allocator-block-size=16777216"
    "memorysetup-gfx-thread-allocator-block-size=16777216"
    "memorysetup-cache-allocator-block-size=4194304"
    "memorysetup-typetree-allocator-block-size=2097152"
    "memorysetup-profiler-bucket-allocator-granularity=16"
    "memorysetup-profiler-bucket-allocator-bucket-count=8"
    "memorysetup-profiler-bucket-allocator-block-size=33554432"
    "memorysetup-profiler-bucket-allocator-block-count=8"
    "memorysetup-profiler-allocator-block-size=16777216"
    "memorysetup-profiler-editor-allocator-block-size=1048576"
    "memorysetup-temp-allocator-size-main=16777216"
    "memorysetup-job-temp-allocator-block-size=2097152"
    "memorysetup-job-temp-allocator-block-size-background=1048576"
    "memorysetup-job-temp-allocator-reduction-small-platforms=262144"
    "memorysetup-allocator-temp-initial-block-size-main=262144"
    "memorysetup-allocator-temp-initial-block-size-worker=262144"
    "memorysetup-temp-allocator-size-background-worker=32768"
    "memorysetup-temp-allocator-size-job-worker=262144"
    "memorysetup-temp-allocator-size-preload-manager=33554432"
    "memorysetup-temp-allocator-size-nav-mesh-worker=65536"
    "memorysetup-temp-allocator-size-audio-worker=65536"
    "memorysetup-temp-allocator-size-cloud-worker=32768"
    "memorysetup-temp-allocator-size-gi-baking-worker=262144"
    "memorysetup-temp-allocator-size-gfx=262144"
Player connection [20660] Host "[IP] 192.168.50.158 [Port] 0 [Flags] 2 [Guid] 3983145511 [EditorId] 3983145511 [Version] 1048832 [Id] WindowsEditor(7,DESKTOP-0KS6FKK) [Debug] 1 [PackageName] WindowsEditor [ProjectName] Editor" joined multi-casting on [225.0.0.222:54997]...

Player connection [20660] Host "[IP] 192.168.50.158 [Port] 0 [Flags] 2 [Guid] 3983145511 [EditorId] 3983145511 [Version] 1048832 [Id] WindowsEditor(7,DESKTOP-0KS6FKK) [Debug] 1 [PackageName] WindowsEditor [ProjectName] Editor" joined alternative multi-casting on [225.0.0.222:34997]...

Refreshing native plugins compatible for Editor in 7.98 ms, found 3 plugins.
Preloading 0 native plugins for Editor in 0.00 ms.
Initialize engine version: 2022.3.3f1 (7cdc2969a641)
[Subsystems] Discovering subsystems at path C:/Program Files/Unity/Hub/Editor/2022.3.3f1/Editor/Data/Resources/UnitySubsystems
[Subsystems] Discovering subsystems at path C:/Users/moca/Desktop/Bartender/Assets
GfxDevice: creating device client; threaded=0; jobified=0
Direct3D:
    Version:  Direct3D 11.0 [level 11.1]
    Renderer: AMD Radeon RX 6600 (ID=0x73ff)
    Vendor:   ATI
    VRAM:     8121 MB
    Driver:   32.0.12033.1030
Initialize mono
Mono path[0] = 'C:/Program Files/Unity/Hub/Editor/2022.3.3f1/Editor/Data/Managed'
Mono path[1] = 'C:/Program Files/Unity/Hub/Editor/2022.3.3f1/Editor/Data/MonoBleedingEdge/lib/mono/unityjit-win32'
Mono config path = 'C:/Program Files/Unity/Hub/Editor/2022.3.3f1/Editor/Data/MonoBleedingEdge/etc'
Using monoOptions --debugger-agent=transport=dt_socket,embedding=1,server=y,suspend=n,address=127.0.0.1:56192
Begin MonoManager ReloadAssembly
Registering precompiled unity dll's ...
Register platform support module: C:/Program Files/Unity/Hub/Editor/2022.3.3f1/Editor/Data/PlaybackEngines/WindowsStandaloneSupport/UnityEditor.WindowsStandalone.Extensions.dll
Registered in 0.008603 seconds.
- Loaded All Assemblies, in  0.317 seconds
Native extension for WindowsStandalone target not found
Mono: successfully reloaded assembly
- Finished resetting the current domain, in  0.220 seconds
Domain Reload Profiling: 536ms
	BeginReloadAssembly (96ms)
		ExecutionOrderSort (0ms)
		DisableScriptedObjects (0ms)
		BackupInstance (0ms)
		ReleaseScriptingObjects (0ms)
		CreateAndSetChildDomain (1ms)
	RebuildCommonClasses (51ms)
	RebuildNativeTypeToScriptingClass (8ms)
	initialDomainReloadingComplete (52ms)
	LoadAllAssembliesAndSetupDomain (107ms)
		LoadAssemblies (94ms)
		RebuildTransferFunctionScriptingTraits (0ms)
		AnalyzeDomain (100ms)
			TypeCache.Refresh (99ms)
				TypeCache.ScanAssembly (90ms)
			ScanForSourceGeneratedMonoScriptInfo (0ms)
			ResolveRequiredComponents (0ms)
	FinalizeReload (221ms)
		ReleaseScriptCaches (0ms)
		RebuildScriptCaches (0ms)
		SetupLoadedEditorAssemblies (173ms)
			LogAssemblyErrors (0ms)
			InitializePlatformSupportModulesInManaged (8ms)
			SetLoadedEditorAssemblies (6ms)
			RefreshPlugins (0ms)
			BeforeProcessingInitializeOnLoad (2ms)
			ProcessInitializeOnLoadAttributes (112ms)
			ProcessInitializeOnLoadMethodAttributes (44ms)
			AfterProcessingInitializeOnLoad (0ms)
			EditorAssembliesLoaded (0ms)
		ExecutionOrderSort2 (0ms)
		AwakeInstancesAfterBackupRestoration (0ms)
========================================================================
Worker process is ready to serve import requests
Begin MonoManager ReloadAssembly
Symbol file LoadedFromMemory doesn't match image C:\Users\moca\Desktop\Bartender\Library\PackageCache\com.unity.visualscripting@1.8.0\Editor\VisualScripting.Core\Dependencies\YamlDotNet\Unity.VisualScripting.YamlDotNet.dll
Symbol file LoadedFromMemory doesn't match image C:\Users\moca\Desktop\Bartender\Library\PackageCache\com.unity.visualscripting@1.8.0\Editor\VisualScripting.Core\Dependencies\DotNetZip\Unity.VisualScripting.IonicZip.dll
- Loaded All Assemblies, in  4.116 seconds
Refreshing native plugins compatible for Editor in 4.49 ms, found 3 plugins.
Native extension for WindowsStandalone target not found
[ScriptCompilation] NOT recompiling all scripts because this is an import worker process. Reason to compile was: Define symbols changed
Mono: successfully reloaded assembly
- Finished resetting the current domain, in  0.535 seconds
Domain Reload Profiling: 4648ms
	BeginReloadAssembly (118ms)
		ExecutionOrderSort (0ms)
		DisableScriptedObjects (5ms)
		BackupInstance (0ms)
		ReleaseScriptingObjects (0ms)
		CreateAndSetChildDomain (17ms)
	RebuildCommonClasses (29ms)
	RebuildNativeTypeToScriptingClass (9ms)
	initialDomainReloadingComplete (40ms)
	LoadAllAssembliesAndSetupDomain (3916ms)
		LoadAssemblies (3734ms)
		RebuildTransferFunctionScriptingTraits (0ms)
		AnalyzeDomain (241ms)
			TypeCache.Refresh (223ms)
				TypeCache.ScanAssembly (214ms)
			ScanForSourceGeneratedMonoScriptInfo (14ms)
			ResolveRequiredComponents (3ms)
	FinalizeReload (536ms)
		ReleaseScriptCaches (0ms)
		RebuildScriptCaches (0ms)
		SetupLoadedEditorAssemblies (392ms)
			LogAssemblyErrors (0ms)
			InitializePlatformSupportModulesInManaged (7ms)
			SetLoadedEditorAssemblies (3ms)
			RefreshPlugins (0ms)
			BeforeProcessingInitializeOnLoad (52ms)
			ProcessInitializeOnLoadAttributes (295ms)
			ProcessInitializeOnLoadMethodAttributes (19ms)
			AfterProcessingInitializeOnLoad (15ms)
			EditorAssembliesLoaded (0ms)
		ExecutionOrderSort2 (0ms)
		AwakeInstancesAfterBackupRestoration (14ms)
Launched and connected shader compiler UnityShaderCompiler.exe after 0.07 seconds
Refreshing native plugins compatible for Editor in 4.73 ms, found 3 plugins.
Preloading 0 native plugins for Editor in 0.00 ms.
Unloading 3502 Unused Serialized files (Serialized files now loaded: 0)
Unloading 50 unused Assets / (1.3 MB). Loaded Objects now: 3979.
Memory consumption went from 150.1 MB to 148.9 MB.
Total: 2.863400 ms (FindLiveObjects: 0.204700 ms CreateObjectMapping: 0.120400 ms MarkObjects: 2.297700 ms  DeleteObjects: 0.239400 ms)

AssetImportParameters requested are different than current active one (requested -> active):
  custom:container-demuxer-ogg: 62fdf1f143b41e24485cea50d1cbac27 -> 
  custom:video-decoder-ogg-theora: a1e56fd34408186e4bbccfd4996cb3dc -> 
  custom:framework-win-MediaFoundation: 216162199b28c13a410421893ffa2e32 -> 
  custom:container-demuxer-webm: 4f35f7cbe854078d1ac9338744f61a02 -> 
  custom:container-muxer-webm: aa71ff27fc2769a1b78a27578f13a17b -> 
  custom:video-decoder-webm-vp8: 9c59270c3fd7afecdb556c50c9e8de78 -> 
  custom:AudioImporter_EditorPlatform: d09bf68614088b80899f8185d706f6e7 -> 
  custom:video-encoder-webm-vp8: eb34c28f22e8b96e1ab97ce403110664 -> 
  custom:audio-decoder-ogg-vorbis: bf7c407c2cedff20999df2af8eb42d56 -> 
  custom:audio-encoder-webm-vorbis: bf7c407c2cedff20999df2af8eb42d56 -> 
  custom:scripting/precompiled-assembly-types:Assembly-CSharp: 3020b8eb2e2a91b953879c1061c51bc3 -> 041dae31827fba24c95f4f45cca50d3e
  custom:scripting/monoscript/fileName/KiiValuePair.cs:  -> 80e66aafd54569b74d1e5f19c527c833
  custom:scripting/monoscript/fileName/IgnoreInInspectorAttribute.cs:  -> 5e0a312f9fc73c986f69ce61b2e0292b
  custom:scripting/monoscript/fileName/KeyValuePairPropertyDrawer.cs:  -> 157adf5be9c6e9172c8b72b27ee3eba4
  custom:scripting/monoscript/fileName/PrefabGroup.cs:  -> 842e5774a8f42830eca49afec4cdf7d7
  custom:scripting/monoscript/fileName/RotatableObject.cs:  -> 05db952489cc9e87a97ae342eec6e847
  custom:scripting/monoscript/fileName/FencePlacement.cs:  -> 945dc8646375f215d065edde588e21ac
  custom:scripting/monoscript/fileName/SetupScriptBRP.cs:  -> 313ee23dfc3fe09cb90875c550ae834e
  custom:scripting/monoscript/fileName/AnInspector.cs:  -> c27fd913025dad1284a876ebe50be020
  custom:scripting/monoscript/fileName/LightSourceObject.cs:  -> 701ea9f0a2eb69512ea94d6ccd9defdc
  custom:scripting/monoscript/fileName/FriesManagerBRP.cs:  -> 54426e58a1c33e08832e97e42d4c6d6c
  custom:scripting/monoscript/fileName/FenceData.cs:  -> 65fd0c5721f1a5d26e73ed9a2da28aef
  custom:scripting/monoscript/fileName/GlowLight.cs:  -> 70ee4129de435ba1ef434153a0ddbad1
  custom:scripting/monoscript/fileName/Rotatable.cs:  -> 697c139a371cf6312dea847278b26e8f
  custom:scripting/monoscript/fileName/FriesManagerURP.cs:  -> d3b24206f7e8d1adef398c8081e83ba7
  custom:scripting/monoscript/fileName/ArrayArrangement.cs:  -> 9faa6ccbb85f484d8f43966c646ee53d
  custom:scripting/monoscript/fileName/FriesPostProcessorIdentifier.cs:  -> aefd1b0e3d0f0206404bfc57bfc557e0
  custom:scripting/monoscript/fileName/AButtonAttribute.cs:  -> 1e9e2e6aeb7737854e869452f8895aff
  custom:scripting/monoscript/fileName/SetupScriptURP.cs:  -> 4c2c97f5933983e8a33edfc133efa5d8
========================================================================
Received Import Request.
  Time since last request: 1134777.858869 seconds.
  path: Assets/Fries and Seagull/Bar 02/Models/Wine Bottle 5.fbx
  artifactKey: Guid(5c0978b05d8a47948ab16f4a7c486566) Importer(815301076,1909f56bfc062723c751e8b465ee728b)
Start importing Assets/Fries and Seagull/Bar 02/Models/Wine Bottle 5.fbx using Guid(5c0978b05d8a47948ab16f4a7c486566) Importer(815301076,1909f56bfc062723c751e8b465ee728b)  -> (artifact id: '04e41a0ca307bbe11cc466416ebe1a16') in 0.231374 seconds
Number of updated asset objects reloaded before import = 0
Number of asset objects unloaded after import = 11
========================================================================
Received Import Request.
  Time since last request: 0.000037 seconds.
  path: Assets/Fries and Seagull/Bar 02/Models/Barrel Rack.fbx
  artifactKey: Guid(dcad65e277e699e45b74344e4679c118) Importer(815301076,1909f56bfc062723c751e8b465ee728b)
Start importing Assets/Fries and Seagull/Bar 02/Models/Barrel Rack.fbx using Guid(dcad65e277e699e45b74344e4679c118) Importer(815301076,1909f56bfc062723c751e8b465ee728b)  -> (artifact id: '21cfd175048f78bdf9a299cb5f0f667c') in 0.050759 seconds
Number of updated asset objects reloaded before import = 0
Number of asset objects unloaded after import = 13
========================================================================
Received Import Request.
  Time since last request: 0.000019 seconds.
  path: Assets/Fries and Seagull/Bar 02/Models/Wine Bottle 6.fbx
  artifactKey: Guid(1bb658b1ec45e4a4bb3c55566c4af39e) Importer(815301076,1909f56bfc062723c751e8b465ee728b)
Start importing Assets/Fries and Seagull/Bar 02/Models/Wine Bottle 6.fbx using Guid(1bb658b1ec45e4a4bb3c55566c4af39e) Importer(815301076,1909f56bfc062723c751e8b465ee728b)  -> (artifact id: 'd55770ef9af56473db8b2449e538f3a6') in 0.040908 seconds
Number of updated asset objects reloaded before import = 0
Number of asset objects unloaded after import = 12
========================================================================
Received Import Request.
  Time since last request: 0.000019 seconds.
  path: Assets/Fries and Seagull/Bar 02/Models/Large Barrel.fbx
  artifactKey: Guid(58e7e88be524a8645bca58d0595a9c91) Importer(815301076,1909f56bfc062723c751e8b465ee728b)
Start importing Assets/Fries and Seagull/Bar 02/Models/Large Barrel.fbx using Guid(58e7e88be524a8645bca58d0595a9c91) Importer(815301076,1909f56bfc062723c751e8b465ee728b)  -> (artifact id: 'f8e1b2661e33f1c2b4c03de829ee129a') in 0.041729 seconds
Number of updated asset objects reloaded before import = 0
Number of asset objects unloaded after import = 12
========================================================================
Received Import Request.
  Time since last request: 0.000016 seconds.
  path: Assets/Fries and Seagull/Bar 02/Models/Snow Ground.fbx
  artifactKey: Guid(f7bc0304a6fba4c47adf2633b5d03c12) Importer(815301076,1909f56bfc062723c751e8b465ee728b)
Start importing Assets/Fries and Seagull/Bar 02/Models/Snow Ground.fbx using Guid(f7bc0304a6fba4c47adf2633b5d03c12) Importer(815301076,1909f56bfc062723c751e8b465ee728b)  -> (artifact id: '3478de1065450672408364cfaa62c8f8') in 0.191291 seconds
Number of updated asset objects reloaded before import = 0
Number of asset objects unloaded after import = 41
========================================================================
Received Import Request.
  Time since last request: 7.369045 seconds.
  path: Assets/Fries and Seagull/Bar 02/Prefabs/Tables & Chairs/Bar Stool.prefab
  artifactKey: Guid(4722f8fbc1bb9b24eb1df990df499441) Importer(815301076,1909f56bfc062723c751e8b465ee728b)
Start importing Assets/Fries and Seagull/Bar 02/Prefabs/Tables & Chairs/Bar Stool.prefab using Guid(4722f8fbc1bb9b24eb1df990df499441) Importer(815301076,1909f56bfc062723c751e8b465ee728b)  -> (artifact id: '03b4e8424d63fec2e2263a66e420bbcf') in 0.018410 seconds
Number of updated asset objects reloaded before import = 0
Number of asset objects unloaded after import = 20
========================================================================
Received Import Request.
  Time since last request: 0.000014 seconds.
  path: Assets/Fries and Seagull/Bar 02/Prefabs/Tables & Chairs/Chair 2.prefab
  artifactKey: Guid(a842783c726810144a7403a0b72e9723) Importer(815301076,1909f56bfc062723c751e8b465ee728b)
Start importing Assets/Fries and Seagull/Bar 02/Prefabs/Tables & Chairs/Chair 2.prefab using Guid(a842783c726810144a7403a0b72e9723) Importer(815301076,1909f56bfc062723c751e8b465ee728b)  -> (artifact id: '08d11bdf488835ffcff62f5edf107701') in 0.016237 seconds
Number of updated asset objects reloaded before import = 0
Number of asset objects unloaded after import = 27
========================================================================
Received Import Request.
  Time since last request: 1.956428 seconds.
  path: Assets/Fries and Seagull/Bar 02/Prefabs/Prefab Groups/Cups.prefab
  artifactKey: Guid(d849b6d6eecf2cf439af57421fedaeab) Importer(815301076,1909f56bfc062723c751e8b465ee728b)
Start importing Assets/Fries and Seagull/Bar 02/Prefabs/Prefab Groups/Cups.prefab using Guid(d849b6d6eecf2cf439af57421fedaeab) Importer(815301076,1909f56bfc062723c751e8b465ee728b)  -> (artifact id: 'c2e8d0a5661b13e22c822cca768571b3') in 0.004550 seconds
Number of updated asset objects reloaded before import = 0
Number of asset objects unloaded after import = 5
========================================================================
Received Import Request.
  Time since last request: 0.000012 seconds.
  path: Assets/Fries and Seagull/Bar 02/Prefabs/Prefab Groups/Tables.prefab
  artifactKey: Guid(f5d627c68417b67418bbc67c24d740dd) Importer(815301076,1909f56bfc062723c751e8b465ee728b)
Start importing Assets/Fries and Seagull/Bar 02/Prefabs/Prefab Groups/Tables.prefab using Guid(f5d627c68417b67418bbc67c24d740dd) Importer(815301076,1909f56bfc062723c751e8b465ee728b)  -> (artifact id: '71b40efbd9c23cccc77b633d905b2114') in 0.003104 seconds
Number of updated asset objects reloaded before import = 0
Number of asset objects unloaded after import = 5
========================================================================
Received Import Request.
  Time since last request: 1.503486 seconds.
  path: Assets/Fries and Seagull/Bar 02/Prefabs/Picture Frames/Picture Frame 1.prefab
  artifactKey: Guid(419c7d002f75f2b4885db4b04f69ec90) Importer(815301076,1909f56bfc062723c751e8b465ee728b)
Start importing Assets/Fries and Seagull/Bar 02/Prefabs/Picture Frames/Picture Frame 1.prefab using Guid(419c7d002f75f2b4885db4b04f69ec90) Importer(815301076,1909f56bfc062723c751e8b465ee728b)  -> (artifact id: 'd34d244ce6d5c7ebcf31adb7a3a99499') in 0.018155 seconds
Number of updated asset objects reloaded before import = 0
Number of asset objects unloaded after import = 16
========================================================================
Received Import Request.
  Time since last request: 0.000018 seconds.
  path: Assets/Fries and Seagull/Bar 02/Prefabs/Picture Frames/Picture Frame 4.prefab
  artifactKey: Guid(cef386803c237c54598a3105a99e2770) Importer(815301076,1909f56bfc062723c751e8b465ee728b)
Start importing Assets/Fries and Seagull/Bar 02/Prefabs/Picture Frames/Picture Frame 4.prefab using Guid(cef386803c237c54598a3105a99e2770) Importer(815301076,1909f56bfc062723c751e8b465ee728b)  -> (artifact id: '1fbfb1a88cba530a087a023c89c350ed') in 0.013173 seconds
Number of updated asset objects reloaded before import = 0
Number of asset objects unloaded after import = 17
========================================================================
Received Import Request.
  Time since last request: 1.425193 seconds.
  path: Assets/Fries and Seagull/Bar 02/Prefabs/Light Sources/Candlestick 1.prefab
  artifactKey: Guid(add042306713f2c4b8147dc5c2a11527) Importer(815301076,1909f56bfc062723c751e8b465ee728b)
Start importing Assets/Fries and Seagull/Bar 02/Prefabs/Light Sources/Candlestick 1.prefab using Guid(add042306713f2c4b8147dc5c2a11527) Importer(815301076,1909f56bfc062723c751e8b465ee728b)  -> (artifact id: 'a769c0a5d6e7083d26b31b0e7fc665d8') in 0.019904 seconds
Number of updated asset objects reloaded before import = 0
Number of asset objects unloaded after import = 33
========================================================================
Received Import Request.
  Time since last request: 0.578635 seconds.
  path: Assets/Fries and Seagull/Bar 02/Prefabs/Hang on Wall/Corkboard.prefab
  artifactKey: Guid(e9aaaaebfd005fa4880623a4ba30c781) Importer(815301076,1909f56bfc062723c751e8b465ee728b)
Start importing Assets/Fries and Seagull/Bar 02/Prefabs/Hang on Wall/Corkboard.prefab using Guid(e9aaaaebfd005fa4880623a4ba30c781) Importer(815301076,1909f56bfc062723c751e8b465ee728b)  -> (artifact id: '015326f49e1e8b0e3b124461bf3043b5') in 0.018564 seconds
Number of updated asset objects reloaded before import = 0
Number of asset objects unloaded after import = 25
========================================================================
Received Import Request.
  Time since last request: 2.299966 seconds.
  path: Assets/Fries and Seagull/Bar 02/Prefabs/Wine Bottles & Cups/Cup.prefab
  artifactKey: Guid(5d38da2e8af97684984ec8d093c3b378) Importer(815301076,1909f56bfc062723c751e8b465ee728b)
Start importing Assets/Fries and Seagull/Bar 02/Prefabs/Wine Bottles & Cups/Cup.prefab using Guid(5d38da2e8af97684984ec8d093c3b378) Importer(815301076,1909f56bfc062723c751e8b465ee728b)  -> (artifact id: 'a42c53014d0a01570efa1bc73b6b01e1') in 0.214251 seconds
Number of updated asset objects reloaded before import = 0
Number of asset objects unloaded after import = 30
